Vivado Simulator v2025.2
Copyright 1986-2022 Xilinx, Inc. All Rights Reserved.
Copyright 2022-2025 Advanced Micro Devices, Inc. All Rights Reserved.
Running: C:/AMDDesignTools/2025.2/Vivado/bin/unwrapped/win64.o/xelab.exe --incr --debug typical --relax --mt 2 --maxdelay -L xil_defaultlib -L simprims_ver -L secureip --snapshot pong_top_tb_time_synth -transport_int_delays -pulse_r 0 -pulse_int_r 0 -pulse_e 0 -pulse_int_e 0 xil_defaultlib.pong_top_tb xil_defaultlib.glbl -log elaborate.log 
Using 2 slave threads.
Starting static elaboration
Pass Through NonSizing Optimizer
Completed static elaboration
Starting simulation data flow analysis
Completed simulation data flow analysis
INFO: [XSIM 43-3451] SDF backannotation process started with SDF file "pong_top_tb_time_synth.sdf", for root module "pong_top_tb/simulation_inst".
INFO: [XSIM 43-3452] SDF backannotation was successful for SDF file "pong_top_tb_time_synth.sdf", for root module "pong_top_tb/simulation_inst".
Time Resolution for simulation is 1ps
Compiling package std.standard
Compiling package std.textio
Compiling package ieee.std_logic_1164
Compiling package ieee.numeric_std
Compiling package xil_defaultlib.game_module_pkg
Compiling package vl.vl_types
Compiling module xil_defaultlib.glbl
Compiling module simprims_ver.OBUF
Compiling module simprims_ver.IBUF
Compiling module simprims_ver.BUFG
Compiling module simprims_ver.FDRE_default
Compiling module simprims_ver.LUT6
Compiling module simprims_ver.LUT5
Compiling module simprims_ver.LUT4
Compiling module simprims_ver.x_lut3_mux8
Compiling module simprims_ver.LUT3
Compiling module simprims_ver.CARRY4
Compiling module simprims_ver.x_lut1_mux2
Compiling module simprims_ver.LUT1
Compiling module simprims_ver.x_lut2_mux4
Compiling module simprims_ver.LUT2
Compiling module simprims_ver.FDSE_default
Compiling module xil_defaultlib.game_mechanics
Compiling module xil_defaultlib.message_prep
Compiling module simprims_ver.MUXF7
Compiling module xil_defaultlib.display_output
Compiling module xil_defaultlib.game_module
Compiling module xil_defaultlib.button_inputs
Compiling module xil_defaultlib.modification_module
Compiling module simprims_ver.FDCE_default
Compiling module xil_defaultlib.receive_uart
Compiling module simprims_ver.FDPE_default
Compiling module xil_defaultlib.transmit_uart
Compiling module xil_defaultlib.uart_module
Compiling module xil_defaultlib.pong_top
Compiling architecture behavioral of entity xil_defaultlib.pong_top_tb
Built simulation snapshot pong_top_tb_time_synth
