Copyright 1986-2022 Xilinx, Inc. All Rights Reserved. Copyright 2022-2025 Advanced Micro Devices, Inc. All Rights Reserved.
---------------------------------------------------------------------------------------------------------------------------------------------
| Tool Version : Vivado v.2025.2 (win64) Build 6299465 Fri Nov 14 19:35:11 GMT 2025
| Date         : Thu May  7 23:47:12 2026
| Host         : Curse-Legion running 64-bit major release  (build 9200)
| Command      : report_control_sets -verbose -file pong_top_control_sets_placed.rpt
| Design       : pong_top
| Device       : xc7a100t
---------------------------------------------------------------------------------------------------------------------------------------------

Control Set Information

Table of Contents
-----------------
1. Summary
2. Histogram
3. Flip-Flop Distribution
4. Detailed Control Set Information

1. Summary
----------

+----------------------------------------------------------+-------+
|                          Status                          | Count |
+----------------------------------------------------------+-------+
| Total control sets                                       |    38 |
|    Minimum number of control sets                        |    38 |
|    Addition due to synthesis replication                 |     0 |
|    Addition due to physical synthesis replication        |     0 |
| Unused register locations in slices containing registers |   121 |
+----------------------------------------------------------+-------+
* Control sets can be merged at opt_design using control_set_merge or merge_equivalent_drivers
** Run report_qor_suggestions for automated merging and remapping suggestions


2. Histogram
------------

+--------------------+-------+
|       Fanout       | Count |
+--------------------+-------+
| Total control sets |    38 |
| >= 0 to < 4        |     2 |
| >= 4 to < 6        |     9 |
| >= 6 to < 8        |    10 |
| >= 8 to < 10       |     5 |
| >= 10 to < 12      |     3 |
| >= 12 to < 14      |     0 |
| >= 14 to < 16      |     1 |
| >= 16              |     8 |
+--------------------+-------+
* Control sets can be remapped at either synth_design or opt_design


3. Flip-Flop Distribution
-------------------------

+--------------+-----------------------+------------------------+-----------------+--------------+
| Clock Enable | Synchronous Set/Reset | Asynchronous Set/Reset | Total Registers | Total Slices |
+--------------+-----------------------+------------------------+-----------------+--------------+
| No           | No                    | No                     |              60 |           39 |
| No           | No                    | Yes                    |               9 |            5 |
| No           | Yes                   | No                     |              70 |           19 |
| Yes          | No                    | No                     |             143 |           64 |
| Yes          | No                    | Yes                    |             122 |           36 |
| Yes          | Yes                   | No                     |              83 |           32 |
+--------------+-----------------------+------------------------+-----------------+--------------+


4. Detailed Control Set Information
-----------------------------------

+----------------------+------------------------------------------------------------------+------------------------------------------------------------------+------------------+----------------+--------------+
|     Clock Signal     |                           Enable Signal                          |                         Set/Reset Signal                         | Slice Load Count | Bel Load Count | Bels / Slice |
+----------------------+------------------------------------------------------------------+------------------------------------------------------------------+------------------+----------------+--------------+
|  CLK100MHZ_IBUF_BUFG | u_uart_module/uart_transmit_inst/o_UART_TXD_i_1_n_0              | u_uart_module/uart_transmit_inst/CPU_RESETN                      |                1 |              1 |         1.00 |
|  CLK100MHZ_IBUF_BUFG | u_game_module/local_game_display_inst/o_LED16_bgr[0]_i_1_n_0     |                                                                  |                1 |              3 |         3.00 |
|  CLK100MHZ_IBUF_BUFG | u_uart_module/uart_transmit_inst/r_Char_cnt[3]_i_1_n_0           | u_uart_module/uart_transmit_inst/CPU_RESETN                      |                1 |              4 |         4.00 |
|  CLK100MHZ_IBUF_BUFG | u_game_module/game_render_inst/r_pad2_step[3]_i_1_n_0            |                                                                  |                1 |              4 |         4.00 |
|  CLK100MHZ_IBUF_BUFG | u_game_module/game_render_inst/r_pad1_step[3]_i_2_n_0            | u_game_module/game_render_inst/r_pad1_step[3]_i_1_n_0            |                2 |              4 |         2.00 |
|  CLK100MHZ_IBUF_BUFG | u_game_module/game_render_inst/o_uart_count[3]_i_2_n_0           | u_game_module/game_render_inst/o_uart_buffer[52]_i_1_n_0         |                3 |              4 |         1.33 |
|  CLK100MHZ_IBUF_BUFG | u_uart_module/uart_transmit_inst/r_Bit_index[0]                  | u_uart_module/uart_transmit_inst/CPU_RESETN                      |                1 |              4 |         4.00 |
|  CLK100MHZ_IBUF_BUFG | u_modification_module/button_inputs_inst/E[0]                    |                                                                  |                2 |              4 |         2.00 |
|  CLK100MHZ_IBUF_BUFG | u_game_module/game_render_inst/o_uart_count[3]_i_2_n_0           | u_game_module/game_render_inst/o_uart_count[3]_i_1_n_0           |                2 |              5 |         2.50 |
|  CLK100MHZ_IBUF_BUFG | u_game_module/game_mechanics_inst/E[0]                           |                                                                  |                3 |              5 |         1.67 |
|  CLK100MHZ_IBUF_BUFG | u_game_module/local_game_display_inst/r_Scroll_offset[4]_i_2_n_0 | u_game_module/local_game_display_inst/r_Scroll_offset[0]         |                2 |              5 |         2.50 |
|  CLK100MHZ_IBUF_BUFG | u_game_module/game_render_inst/r_old1_pos[5]_i_1_n_0             |                                                                  |                2 |              6 |         3.00 |
|  CLK100MHZ_IBUF_BUFG | u_game_module/game_render_inst/r_old2_pos[5]_i_2_n_0             | u_game_module/game_render_inst/r_old2_pos[5]_i_1_n_0             |                4 |              6 |         1.50 |
|  CLK100MHZ_IBUF_BUFG | u_game_module/game_mechanics_inst/r_pad2_state_reg[1]            | u_game_module/game_render_inst/r_pad2_new_pos[5]_i_1_n_0         |                2 |              6 |         3.00 |
|  CLK100MHZ_IBUF_BUFG | u_game_module/game_mechanics_inst/r_ball_pos_y[0]                |                                                                  |                3 |              6 |         2.00 |
|  CLK100MHZ_IBUF_BUFG | u_game_module/game_render_inst/o_uart_count[3]_i_2_n_0           | u_game_module/game_render_inst/o_uart_buffer[75]_i_1_n_0         |                4 |              6 |         1.50 |
|  CLK100MHZ_IBUF_BUFG | u_game_module/game_mechanics_inst/r_pad1_state_reg[0][0]         |                                                                  |                3 |              6 |         2.00 |
|  CLK100MHZ_IBUF_BUFG | u_game_module/game_mechanics_inst/r_p1_paddle_pos[0]             |                                                                  |                3 |              6 |         2.00 |
|  CLK100MHZ_IBUF_BUFG | u_game_module/game_mechanics_inst/r_p2_paddle_pos[0]             |                                                                  |                3 |              6 |         2.00 |
|  CLK100MHZ_IBUF_BUFG | u_uart_module/uart_transmit_inst/r_TX_char[6]_i_1_n_0            | u_uart_module/uart_transmit_inst/CPU_RESETN                      |                3 |              7 |         2.33 |
|  CLK100MHZ_IBUF_BUFG | u_game_module/game_mechanics_inst/r_ball_rate[23]_i_1_n_0        | u_game_module/game_mechanics_inst/r_ball_rate[19]_i_1_n_0        |                2 |              7 |         3.50 |
|  CLK100MHZ_IBUF_BUFG | u_game_module/local_game_display_inst/o_Anodes[7]_i_2_n_0        | u_game_module/local_game_display_inst/o_Anodes[7]_i_1_n_0        |                3 |              8 |         2.67 |
|  CLK100MHZ_IBUF_BUFG | u_uart_module/uart_receive_inst/o_Received_byte[7]_i_1_n_0       | u_uart_module/uart_transmit_inst/CPU_RESETN                      |                2 |              8 |         4.00 |
|  CLK100MHZ_IBUF_BUFG | u_uart_module/uart_receive_inst/r_RX_character[7]_i_1_n_0        | u_uart_module/uart_transmit_inst/CPU_RESETN                      |                2 |              8 |         4.00 |
|  CLK100MHZ_IBUF_BUFG | u_game_module/game_mechanics_inst/r_ball_pos_x[0]                | u_game_module/game_mechanics_inst/r_ball_count0                  |                4 |              8 |         2.00 |
|  CLK100MHZ_IBUF_BUFG |                                                                  | u_uart_module/uart_transmit_inst/CPU_RESETN                      |                5 |              9 |         1.80 |
|  CLK100MHZ_IBUF_BUFG | u_uart_module/uart_transmit_inst/r_TX_cnt[0]                     | u_uart_module/uart_transmit_inst/CPU_RESETN                      |                4 |             10 |         2.50 |
|  CLK100MHZ_IBUF_BUFG | u_uart_module/uart_receive_inst/r_RX_cnt[0]                      | u_uart_module/uart_transmit_inst/CPU_RESETN                      |                6 |             10 |         1.67 |
|  CLK100MHZ_IBUF_BUFG | u_game_module/local_game_display_inst/o_Cathodes[6]_i_1_n_0      |                                                                  |                7 |             10 |         1.43 |
|  CLK100MHZ_IBUF_BUFG | u_game_module/game_render_inst/r_ball_pre_y[0]                   |                                                                  |                6 |             14 |         2.33 |
|  CLK100MHZ_IBUF_BUFG | u_game_module/game_mechanics_inst/r_ball_rate[23]_i_1_n_0        |                                                                  |                4 |             17 |         4.25 |
|  CLK100MHZ_IBUF_BUFG |                                                                  | u_game_module/local_game_display_inst/o_Anodes[7]_i_2_n_0        |                5 |             17 |         3.40 |
|  CLK100MHZ_IBUF_BUFG | u_game_module/game_mechanics_inst/r_ball_count[0]                | u_game_module/game_mechanics_inst/r_ball_count0                  |                4 |             24 |         6.00 |
|  CLK100MHZ_IBUF_BUFG |                                                                  | u_game_module/local_game_display_inst/r_Blink_counter[0]_i_1_n_0 |                7 |             26 |         3.71 |
|  CLK100MHZ_IBUF_BUFG |                                                                  | u_game_module/local_game_display_inst/r_Scroll_timer[0]          |                7 |             27 |         3.86 |
|  CLK100MHZ_IBUF_BUFG | u_game_module/game_render_inst/o_uart_count[3]_i_2_n_0           |                                                                  |               26 |             56 |         2.15 |
|  CLK100MHZ_IBUF_BUFG |                                                                  |                                                                  |               39 |             60 |         1.54 |
|  CLK100MHZ_IBUF_BUFG | u_uart_module/uart_transmit_inst/r_TX_message[0]                 | u_uart_module/uart_transmit_inst/CPU_RESETN                      |               16 |             70 |         4.38 |
+----------------------+------------------------------------------------------------------+------------------------------------------------------------------+------------------+----------------+--------------+


