#-----------------------------------------------------------
# Vivado v2025.2 (64-bit)
# SW Build 6299465 on Fri Nov 14 19:35:11 GMT 2025
# IP Build 6300035 on Fri Nov 14 10:48:45 MST 2025
# SharedData Build 6298862 on Thu Nov 13 04:50:51 MST 2025
# Start of session at: Thu May  7 22:58:30 2026
# Process ID         : 21296
# Current directory  : C:/Users/jim32/OneDrive/Desktop/VHDL/ThursdayGroupG/Pong_Game/Pong_Game.runs/impl_1
# Command line       : vivado.exe -log pong_top.vdi -applog -product Vivado -messageDb vivado.pb -mode batch -source pong_top.tcl -notrace
# Log file           : C:/Users/jim32/OneDrive/Desktop/VHDL/ThursdayGroupG/Pong_Game/Pong_Game.runs/impl_1/pong_top.vdi
# Journal file       : C:/Users/jim32/OneDrive/Desktop/VHDL/ThursdayGroupG/Pong_Game/Pong_Game.runs/impl_1\vivado.jou
# Running On         : Curse-Legion
# Platform           : Windows Server 2016 or Windows 10
# Operating System   : 26200
# Processor Detail   : AMD Ryzen 7 4800H with Radeon Graphics         
# CPU Frequency      : 2894 MHz
# CPU Physical cores : 8
# CPU Logical cores  : 16
# Host memory        : 16505 MB
# Swap memory        : 10758 MB
# Total Virtual      : 27264 MB
# Available Virtual  : 3440 MB
#-----------------------------------------------------------
source pong_top.tcl -notrace
