
*** Running vivado
    with args -log pong_top.vds -m64 -product Vivado -mode batch -messageDb vivado.pb -notrace -source pong_top.tcl



****** Vivado v2025.2 (64-bit)
  **** SW Build 6299465 on Fri Nov 14 19:35:11 GMT 2025
  **** IP Build 6300035 on Fri Nov 14 10:48:45 MST 2025
  **** SharedData Build 6298862 on Thu Nov 13 04:50:51 MST 2025
  **** Start of session at: Thu May  7 23:41:02 2026
    ** Copyright 1986-2022 Xilinx, Inc. All Rights Reserved.
    ** Copyright 2022-2025 Advanced Micro Devices, Inc. All Rights Reserved.

source pong_top.tcl -notrace
create_project: Time (s): cpu = 00:00:09 ; elapsed = 00:00:06 . Memory (MB): peak = 524.570 ; gain = 219.359
Command: read_checkpoint -auto_incremental -incremental C:/Users/jim32/OneDrive/Desktop/VHDL/ThursdayGroupG/Pong_Game/Pong_Game.srcs/utils_1/imports/synth_1/pong_top.dcp
INFO: [Vivado 12-5825] Read reference checkpoint from C:/Users/jim32/OneDrive/Desktop/VHDL/ThursdayGroupG/Pong_Game/Pong_Game.srcs/utils_1/imports/synth_1/pong_top.dcp for incremental synthesis
INFO: [Vivado 12-7989] Please ensure there are no constraint changes
Command: synth_design -top pong_top -part xc7a100tcsg324-1
Starting synth_design
Attempting to get a license for feature 'Synthesis' and/or device 'xc7a100t'
INFO: [Common 17-349] Got license for feature 'Synthesis' and/or device 'xc7a100t'
INFO: [Device 21-403] Loading part xc7a100tcsg324-1
INFO: [Designutils 20-5440] No compile time benefit to using incremental synthesis; A full resynthesis will be run
INFO: [Designutils 20-4379] Flow is switching to default flow due to incremental criteria not met. If you would like to alter this behaviour and have the flow terminate instead, please set the following parameter config_implementation {autoIncr.Synth.RejectBehavior Terminate}
INFO: [Synth 8-7079] Multithreading enabled for synth_design using a maximum of 2 processes.
INFO: [Synth 8-7078] Launching helper process for spawning children vivado processes
INFO: [Synth 8-7075] Helper process launched with PID 3692
---------------------------------------------------------------------------------
Starting RTL Elaboration : Time (s): cpu = 00:00:07 ; elapsed = 00:00:07 . Memory (MB): peak = 1275.031 ; gain = 542.828
---------------------------------------------------------------------------------
INFO: [Synth 8-638] synthesizing module 'pong_top' [C:/Users/jim32/OneDrive/Desktop/VHDL/ThursdayGroupG/Pong_Game/Pong_Game.srcs/sources_1/new/pong_top.vhd:19]
INFO: [Synth 8-3491] module 'uart_module' declared at 'C:/Users/jim32/OneDrive/Desktop/VHDL/ThursdayGroupG/Pong_Game/Pong_Game.srcs/sources_1/new/uart_module.vhd:5' bound to instance 'u_uart_module' of component 'uart_module' [C:/Users/jim32/OneDrive/Desktop/VHDL/ThursdayGroupG/Pong_Game/Pong_Game.srcs/sources_1/new/pong_top.vhd:107]
INFO: [Synth 8-638] synthesizing module 'uart_module' [C:/Users/jim32/OneDrive/Desktop/VHDL/ThursdayGroupG/Pong_Game/Pong_Game.srcs/sources_1/new/uart_module.vhd:24]
INFO: [Synth 8-638] synthesizing module 'receive_uart' [C:/Users/jim32/OneDrive/Desktop/VHDL/ThursdayGroupG/Pong_Game/Pong_Game.srcs/sources_1/new/receive_uart.vhd:17]
INFO: [Synth 8-226] default block is never used [C:/Users/jim32/OneDrive/Desktop/VHDL/ThursdayGroupG/Pong_Game/Pong_Game.srcs/sources_1/new/receive_uart.vhd:58]
INFO: [Synth 8-256] done synthesizing module 'receive_uart' (0#1) [C:/Users/jim32/OneDrive/Desktop/VHDL/ThursdayGroupG/Pong_Game/Pong_Game.srcs/sources_1/new/receive_uart.vhd:17]
INFO: [Synth 8-638] synthesizing module 'transmit_uart' [C:/Users/jim32/OneDrive/Desktop/VHDL/ThursdayGroupG/Pong_Game/Pong_Game.srcs/sources_1/new/transmit_uart.vhd:20]
INFO: [Synth 8-226] default block is never used [C:/Users/jim32/OneDrive/Desktop/VHDL/ThursdayGroupG/Pong_Game/Pong_Game.srcs/sources_1/new/transmit_uart.vhd:57]
INFO: [Synth 8-256] done synthesizing module 'transmit_uart' (0#1) [C:/Users/jim32/OneDrive/Desktop/VHDL/ThursdayGroupG/Pong_Game/Pong_Game.srcs/sources_1/new/transmit_uart.vhd:20]
INFO: [Synth 8-256] done synthesizing module 'uart_module' (0#1) [C:/Users/jim32/OneDrive/Desktop/VHDL/ThursdayGroupG/Pong_Game/Pong_Game.srcs/sources_1/new/uart_module.vhd:24]
INFO: [Synth 8-3491] module 'game_module' declared at 'C:/Users/jim32/OneDrive/Desktop/VHDL/ThursdayGroupG/Pong_Game/Pong_Game.srcs/sources_1/new/game_module.vhd:6' bound to instance 'u_game_module' of component 'game_module' [C:/Users/jim32/OneDrive/Desktop/VHDL/ThursdayGroupG/Pong_Game/Pong_Game.srcs/sources_1/new/pong_top.vhd:121]
INFO: [Synth 8-638] synthesizing module 'game_module' [C:/Users/jim32/OneDrive/Desktop/VHDL/ThursdayGroupG/Pong_Game/Pong_Game.srcs/sources_1/new/game_module.vhd:29]
INFO: [Synth 8-638] synthesizing module 'game_mechanics' [C:/Users/jim32/OneDrive/Desktop/VHDL/ThursdayGroupG/Pong_Game/Pong_Game.srcs/sources_1/new/game_mechanics.vhd:27]
INFO: [Synth 8-256] done synthesizing module 'game_mechanics' (0#1) [C:/Users/jim32/OneDrive/Desktop/VHDL/ThursdayGroupG/Pong_Game/Pong_Game.srcs/sources_1/new/game_mechanics.vhd:27]
INFO: [Synth 8-638] synthesizing module 'message_prep' [C:/Users/jim32/OneDrive/Desktop/VHDL/ThursdayGroupG/Pong_Game/Pong_Game.srcs/sources_1/new/message_prep.vhd:27]
INFO: [Synth 8-226] default block is never used [C:/Users/jim32/OneDrive/Desktop/VHDL/ThursdayGroupG/Pong_Game/Pong_Game.srcs/sources_1/new/message_prep.vhd:330]
INFO: [Synth 8-256] done synthesizing module 'message_prep' (0#1) [C:/Users/jim32/OneDrive/Desktop/VHDL/ThursdayGroupG/Pong_Game/Pong_Game.srcs/sources_1/new/message_prep.vhd:27]
INFO: [Synth 8-638] synthesizing module 'display_output' [C:/Users/jim32/OneDrive/Desktop/VHDL/ThursdayGroupG/Pong_Game/Pong_Game.srcs/sources_1/new/display_output.vhd:25]
INFO: [Synth 8-226] default block is never used [C:/Users/jim32/OneDrive/Desktop/VHDL/ThursdayGroupG/Pong_Game/Pong_Game.srcs/sources_1/new/display_output.vhd:29]
INFO: [Synth 8-256] done synthesizing module 'display_output' (0#1) [C:/Users/jim32/OneDrive/Desktop/VHDL/ThursdayGroupG/Pong_Game/Pong_Game.srcs/sources_1/new/display_output.vhd:25]
INFO: [Synth 8-256] done synthesizing module 'game_module' (0#1) [C:/Users/jim32/OneDrive/Desktop/VHDL/ThursdayGroupG/Pong_Game/Pong_Game.srcs/sources_1/new/game_module.vhd:29]
INFO: [Synth 8-3491] module 'modification_module' declared at 'C:/Users/jim32/OneDrive/Desktop/VHDL/ThursdayGroupG/Pong_Game/Pong_Game.srcs/sources_1/new/modification_module.vhd:6' bound to instance 'u_modification_module' of component 'modification_module' [C:/Users/jim32/OneDrive/Desktop/VHDL/ThursdayGroupG/Pong_Game/Pong_Game.srcs/sources_1/new/pong_top.vhd:141]
INFO: [Synth 8-638] synthesizing module 'modification_module' [C:/Users/jim32/OneDrive/Desktop/VHDL/ThursdayGroupG/Pong_Game/Pong_Game.srcs/sources_1/new/modification_module.vhd:22]
INFO: [Synth 8-638] synthesizing module 'button_inputs' [C:/Users/jim32/OneDrive/Desktop/VHDL/ThursdayGroupG/Pong_Game/Pong_Game.srcs/sources_1/new/button_inputs.vhd:20]
INFO: [Synth 8-256] done synthesizing module 'button_inputs' (0#1) [C:/Users/jim32/OneDrive/Desktop/VHDL/ThursdayGroupG/Pong_Game/Pong_Game.srcs/sources_1/new/button_inputs.vhd:20]
INFO: [Synth 8-256] done synthesizing module 'modification_module' (0#1) [C:/Users/jim32/OneDrive/Desktop/VHDL/ThursdayGroupG/Pong_Game/Pong_Game.srcs/sources_1/new/modification_module.vhd:22]
INFO: [Synth 8-256] done synthesizing module 'pong_top' (0#1) [C:/Users/jim32/OneDrive/Desktop/VHDL/ThursdayGroupG/Pong_Game/Pong_Game.srcs/sources_1/new/pong_top.vhd:19]
---------------------------------------------------------------------------------
Finished RTL Elaboration : Time (s): cpu = 00:00:09 ; elapsed = 00:00:10 . Memory (MB): peak = 1414.867 ; gain = 682.664
---------------------------------------------------------------------------------
---------------------------------------------------------------------------------
Start Handling Custom Attributes
---------------------------------------------------------------------------------
---------------------------------------------------------------------------------
Finished Handling Custom Attributes : Time (s): cpu = 00:00:09 ; elapsed = 00:00:10 . Memory (MB): peak = 1414.867 ; gain = 682.664
---------------------------------------------------------------------------------
---------------------------------------------------------------------------------
Finished RTL Optimization Phase 1 : Time (s): cpu = 00:00:09 ; elapsed = 00:00:10 . Memory (MB): peak = 1414.867 ; gain = 682.664
---------------------------------------------------------------------------------
Netlist sorting complete. Time (s): cpu = 00:00:00 ; elapsed = 00:00:00.050 . Memory (MB): peak = 1414.867 ; gain = 0.000
INFO: [Project 1-570] Preparing netlist for logic optimization

Processing XDC Constraints
Initializing timing engine
Parsing XDC File [C:/Users/jim32/OneDrive/Desktop/VHDL/ThursdayGroupG/Pong_Game/Pong_Game.srcs/constrs_1/new/pong_constraints_a7100T.xdc]
Finished Parsing XDC File [C:/Users/jim32/OneDrive/Desktop/VHDL/ThursdayGroupG/Pong_Game/Pong_Game.srcs/constrs_1/new/pong_constraints_a7100T.xdc]
INFO: [Project 1-236] Implementation specific constraints were found while reading constraint file [C:/Users/jim32/OneDrive/Desktop/VHDL/ThursdayGroupG/Pong_Game/Pong_Game.srcs/constrs_1/new/pong_constraints_a7100T.xdc]. These constraints will be ignored for synthesis but will be used in implementation. Impacted constraints are listed in the file [.Xil/pong_top_propImpl.xdc].
Resolution: To avoid this warning, move constraints listed in [.Xil/pong_top_propImpl.xdc] to another XDC file and exclude this new file from synthesis with the used_in_synthesis property (File Properties dialog in GUI) and re-run elaboration/synthesis.
Completed Processing XDC Constraints

Netlist sorting complete. Time (s): cpu = 00:00:00 ; elapsed = 00:00:00.001 . Memory (MB): peak = 1494.219 ; gain = 0.000
INFO: [Project 1-111] Unisim Transformation Summary:
No Unisim elements were transformed.

Constraint Validation Runtime : Time (s): cpu = 00:00:00 ; elapsed = 00:00:00.028 . Memory (MB): peak = 1494.219 ; gain = 0.000
INFO: [Designutils 20-5440] No compile time benefit to using incremental synthesis; A full resynthesis will be run
INFO: [Designutils 20-4379] Flow is switching to default flow due to incremental criteria not met. If you would like to alter this behaviour and have the flow terminate instead, please set the following parameter config_implementation {autoIncr.Synth.RejectBehavior Terminate}
---------------------------------------------------------------------------------
Finished Constraint Validation : Time (s): cpu = 00:00:20 ; elapsed = 00:00:20 . Memory (MB): peak = 1494.219 ; gain = 762.016
---------------------------------------------------------------------------------
---------------------------------------------------------------------------------
Start Loading Part and Timing Information
---------------------------------------------------------------------------------
Loading part: xc7a100tcsg324-1
---------------------------------------------------------------------------------
Finished Loading Part and Timing Information : Time (s): cpu = 00:00:20 ; elapsed = 00:00:20 . Memory (MB): peak = 1494.219 ; gain = 762.016
---------------------------------------------------------------------------------
---------------------------------------------------------------------------------
Start Applying 'set_property' XDC Constraints
---------------------------------------------------------------------------------
---------------------------------------------------------------------------------
Finished applying 'set_property' XDC Constraints : Time (s): cpu = 00:00:20 ; elapsed = 00:00:20 . Memory (MB): peak = 1494.219 ; gain = 762.016
---------------------------------------------------------------------------------
INFO: [Synth 8-802] inferred FSM for state register 'r_RX_state_reg' in module 'receive_uart'
INFO: [Synth 8-802] inferred FSM for state register 'r_TX_state_reg' in module 'transmit_uart'
INFO: [Synth 8-802] inferred FSM for state register 'r_play_state_reg' in module 'game_mechanics'
INFO: [Synth 8-802] inferred FSM for state register 'r_display_state_reg' in module 'display_output'
INFO: [Synth 8-802] inferred FSM for state register 'r_Game_state_reg' in module 'game_module'
---------------------------------------------------------------------------------------------------
                   State |                     New Encoding |                Previous Encoding 
---------------------------------------------------------------------------------------------------
                    idle |                               00 |                               00
                starting |                               01 |                               01
            receive_data |                               10 |                               10
                    stop |                               11 |                               11
---------------------------------------------------------------------------------------------------
INFO: [Synth 8-3354] encoded FSM with state register 'r_RX_state_reg' using encoding 'sequential' in module 'receive_uart'
---------------------------------------------------------------------------------------------------
                   State |                     New Encoding |                Previous Encoding 
---------------------------------------------------------------------------------------------------
                    idle |                               00 |                               00
                starting |                               01 |                               01
       transmitting_data |                               10 |                               10
                    stop |                               11 |                               11
---------------------------------------------------------------------------------------------------
INFO: [Synth 8-3354] encoded FSM with state register 'r_TX_state_reg' using encoding 'sequential' in module 'transmit_uart'
---------------------------------------------------------------------------------------------------
                   State |                     New Encoding |                Previous Encoding 
---------------------------------------------------------------------------------------------------
*
                 ps_idle |                               00 |                               00
              ps_playing |                               01 |                               01
         ps_point_scored |                               10 |                               10
---------------------------------------------------------------------------------------------------
INFO: [Synth 8-3354] encoded FSM with state register 'r_play_state_reg' using encoding 'sequential' in module 'game_mechanics'
---------------------------------------------------------------------------------------------------
                   State |                     New Encoding |                Previous Encoding 
---------------------------------------------------------------------------------------------------
*
                 waiting |                              000 |                              000
               game_over |                              001 |                              010
                 playing |                              010 |                              001
        modifying_paddle |                              011 |                              100
          modifying_ball |                              100 |                              011
---------------------------------------------------------------------------------------------------
INFO: [Synth 8-3354] encoded FSM with state register 'r_display_state_reg' using encoding 'sequential' in module 'display_output'
---------------------------------------------------------------------------------------------------
                   State |                     New Encoding |                Previous Encoding 
---------------------------------------------------------------------------------------------------
*
                    idle |                               00 |                               00
                 playing |                               01 |                               01
               game_over |                               10 |                               10
---------------------------------------------------------------------------------------------------
INFO: [Synth 8-3354] encoded FSM with state register 'r_Game_state_reg' using encoding 'sequential' in module 'game_module'
---------------------------------------------------------------------------------
Finished RTL Optimization Phase 2 : Time (s): cpu = 00:00:21 ; elapsed = 00:00:22 . Memory (MB): peak = 1494.219 ; gain = 762.016
---------------------------------------------------------------------------------
---------------------------------------------------------------------------------
Start RTL Component Statistics 
---------------------------------------------------------------------------------
Detailed RTL Component Info : 
+---Adders : 
	   2 Input   25 Bit       Adders := 1     
	   2 Input   24 Bit       Adders := 2     
	   2 Input   10 Bit       Adders := 2     
	   2 Input    9 Bit       Adders := 8     
	   2 Input    8 Bit       Adders := 6     
	   3 Input    7 Bit       Adders := 6     
	   2 Input    7 Bit       Adders := 14    
	   2 Input    6 Bit       Adders := 8     
	   2 Input    5 Bit       Adders := 10    
	   2 Input    4 Bit       Adders := 7     
	   2 Input    3 Bit       Adders := 4     
	   2 Input    2 Bit       Adders := 3     
	   2 Input    1 Bit       Adders := 1     
+---Registers : 
	               80 Bit    Registers := 2     
	               24 Bit    Registers := 2     
	               10 Bit    Registers := 2     
	                8 Bit    Registers := 7     
	                6 Bit    Registers := 8     
	                5 Bit    Registers := 2     
	                4 Bit    Registers := 8     
	                3 Bit    Registers := 5     
	                2 Bit    Registers := 14    
	                1 Bit    Registers := 20    
+---Muxes : 
	   2 Input   80 Bit        Muxes := 7     
	   4 Input   80 Bit        Muxes := 5     
	   5 Input   80 Bit        Muxes := 1     
	   2 Input   79 Bit        Muxes := 1     
	   2 Input   24 Bit        Muxes := 4     
	   4 Input   24 Bit        Muxes := 1     
	   3 Input   24 Bit        Muxes := 1     
	   2 Input   10 Bit        Muxes := 1     
	   4 Input   10 Bit        Muxes := 2     
	   2 Input    9 Bit        Muxes := 8     
	   2 Input    8 Bit        Muxes := 12    
	   3 Input    8 Bit        Muxes := 1     
	   4 Input    8 Bit        Muxes := 5     
	   8 Input    8 Bit        Muxes := 2     
	   6 Input    8 Bit        Muxes := 1     
	   2 Input    7 Bit        Muxes := 4     
	   2 Input    6 Bit        Muxes := 36    
	   4 Input    6 Bit        Muxes := 14    
	   2 Input    5 Bit        Muxes := 10    
	   4 Input    5 Bit        Muxes := 2     
	   4 Input    4 Bit        Muxes := 13    
	   2 Input    4 Bit        Muxes := 19    
	   5 Input    4 Bit        Muxes := 1     
	   4 Input    3 Bit        Muxes := 7     
	   2 Input    3 Bit        Muxes := 11    
	   3 Input    3 Bit        Muxes := 6     
	   6 Input    3 Bit        Muxes := 3     
	   4 Input    2 Bit        Muxes := 22    
	   2 Input    2 Bit        Muxes := 48    
	  16 Input    2 Bit        Muxes := 1     
	   2 Input    1 Bit        Muxes := 157   
	   4 Input    1 Bit        Muxes := 84    
	   3 Input    1 Bit        Muxes := 3     
	   5 Input    1 Bit        Muxes := 2     
	   6 Input    1 Bit        Muxes := 2     
---------------------------------------------------------------------------------
Finished RTL Component Statistics 
---------------------------------------------------------------------------------
---------------------------------------------------------------------------------
Start Part Resource Summary
---------------------------------------------------------------------------------
Part Resources:
DSPs: 240 (col length:80)
BRAMs: 270 (col length: RAMB18 80 RAMB36 40)
---------------------------------------------------------------------------------
Finished Part Resource Summary
---------------------------------------------------------------------------------
---------------------------------------------------------------------------------
Start Cross Boundary and Area Optimization
---------------------------------------------------------------------------------
---------------------------------------------------------------------------------
Finished Cross Boundary and Area Optimization : Time (s): cpu = 00:01:15 ; elapsed = 00:01:17 . Memory (MB): peak = 1982.398 ; gain = 1250.195
---------------------------------------------------------------------------------
---------------------------------------------------------------------------------
Start ROM, RAM, DSP, Shift Register and Retiming Reporting
---------------------------------------------------------------------------------

ROM: Preliminary Mapping Report
+-------------+---------------------------+---------------+----------------+
|Module Name  | RTL Object                | Depth x Width | Implemented As | 
+-------------+---------------------------+---------------+----------------+
|message_prep | c_title_screen_message[0] | 32x71         | LUT            | 
|message_prep | c_title_screen_message[0] | 32x71         | LUT            | 
+-------------+---------------------------+---------------+----------------+

---------------------------------------------------------------------------------
Finished ROM, RAM, DSP, Shift Register and Retiming Reporting
---------------------------------------------------------------------------------
---------------------------------------------------------------------------------
Start Applying XDC Timing Constraints
---------------------------------------------------------------------------------
---------------------------------------------------------------------------------
Finished Applying XDC Timing Constraints : Time (s): cpu = 00:01:22 ; elapsed = 00:01:24 . Memory (MB): peak = 1982.398 ; gain = 1250.195
---------------------------------------------------------------------------------
---------------------------------------------------------------------------------
Start Timing Optimization
---------------------------------------------------------------------------------
---------------------------------------------------------------------------------
Finished Timing Optimization : Time (s): cpu = 00:01:26 ; elapsed = 00:01:29 . Memory (MB): peak = 1982.398 ; gain = 1250.195
---------------------------------------------------------------------------------
---------------------------------------------------------------------------------
Start Technology Mapping
---------------------------------------------------------------------------------
---------------------------------------------------------------------------------
Finished Technology Mapping : Time (s): cpu = 00:01:27 ; elapsed = 00:01:30 . Memory (MB): peak = 1982.398 ; gain = 1250.195
---------------------------------------------------------------------------------
---------------------------------------------------------------------------------
Start IO Insertion
---------------------------------------------------------------------------------
---------------------------------------------------------------------------------
Start Flattening Before IO Insertion
---------------------------------------------------------------------------------
---------------------------------------------------------------------------------
Finished Flattening Before IO Insertion
---------------------------------------------------------------------------------
---------------------------------------------------------------------------------
Start Final Netlist Cleanup
---------------------------------------------------------------------------------
---------------------------------------------------------------------------------
Finished Final Netlist Cleanup
---------------------------------------------------------------------------------
---------------------------------------------------------------------------------
Finished IO Insertion : Time (s): cpu = 00:01:34 ; elapsed = 00:01:36 . Memory (MB): peak = 1982.398 ; gain = 1250.195
---------------------------------------------------------------------------------
---------------------------------------------------------------------------------
Start Renaming Generated Instances
---------------------------------------------------------------------------------
---------------------------------------------------------------------------------
Finished Renaming Generated Instances : Time (s): cpu = 00:01:34 ; elapsed = 00:01:36 . Memory (MB): peak = 1982.398 ; gain = 1250.195
---------------------------------------------------------------------------------
---------------------------------------------------------------------------------
Start Rebuilding User Hierarchy
---------------------------------------------------------------------------------
---------------------------------------------------------------------------------
Finished Rebuilding User Hierarchy : Time (s): cpu = 00:01:34 ; elapsed = 00:01:37 . Memory (MB): peak = 1982.398 ; gain = 1250.195
---------------------------------------------------------------------------------
---------------------------------------------------------------------------------
Start Renaming Generated Ports
---------------------------------------------------------------------------------
---------------------------------------------------------------------------------
Finished Renaming Generated Ports : Time (s): cpu = 00:01:34 ; elapsed = 00:01:37 . Memory (MB): peak = 1982.398 ; gain = 1250.195
---------------------------------------------------------------------------------
---------------------------------------------------------------------------------
Start Handling Custom Attributes
---------------------------------------------------------------------------------
---------------------------------------------------------------------------------
Finished Handling Custom Attributes : Time (s): cpu = 00:01:34 ; elapsed = 00:01:37 . Memory (MB): peak = 1982.398 ; gain = 1250.195
---------------------------------------------------------------------------------
---------------------------------------------------------------------------------
Start Renaming Generated Nets
---------------------------------------------------------------------------------
---------------------------------------------------------------------------------
Finished Renaming Generated Nets : Time (s): cpu = 00:01:34 ; elapsed = 00:01:37 . Memory (MB): peak = 1982.398 ; gain = 1250.195
---------------------------------------------------------------------------------
---------------------------------------------------------------------------------
Start Writing Synthesis Report
---------------------------------------------------------------------------------

Report BlackBoxes: 
+-+--------------+----------+
| |BlackBox name |Instances |
+-+--------------+----------+
+-+--------------+----------+

Report Cell Usage: 
+------+-------+------+
|      |Cell   |Count |
+------+-------+------+
|1     |BUFG   |     1|
|2     |CARRY4 |    52|
|3     |LUT1   |    56|
|4     |LUT2   |    70|
|5     |LUT3   |   141|
|6     |LUT4   |   151|
|7     |LUT5   |   169|
|8     |LUT6   |   502|
|9     |MUXF7  |     2|
|10    |FDCE   |   129|
|11    |FDPE   |     2|
|12    |FDRE   |   311|
|13    |FDSE   |    45|
|14    |IBUF   |     8|
|15    |OBUF   |    23|
+------+-------+------+
---------------------------------------------------------------------------------
Finished Writing Synthesis Report : Time (s): cpu = 00:01:34 ; elapsed = 00:01:37 . Memory (MB): peak = 1982.398 ; gain = 1250.195
---------------------------------------------------------------------------------
Synthesis finished with 0 errors, 0 critical warnings and 0 warnings.
Synthesis Optimization Runtime : Time (s): cpu = 00:01:22 ; elapsed = 00:01:34 . Memory (MB): peak = 1982.398 ; gain = 1170.844
Synthesis Optimization Complete : Time (s): cpu = 00:01:34 ; elapsed = 00:01:37 . Memory (MB): peak = 1982.398 ; gain = 1250.195
INFO: [Project 1-571] Translating synthesized netlist
Netlist sorting complete. Time (s): cpu = 00:00:00 ; elapsed = 00:00:00.050 . Memory (MB): peak = 1982.398 ; gain = 0.000
INFO: [Netlist 29-17] Analyzing 54 Unisim elements for replacement
INFO: [Netlist 29-28] Unisim Transformation completed in 0 CPU seconds
INFO: [Project 1-570] Preparing netlist for logic optimization
INFO: [Opt 31-138] Pushed 0 inverter(s) to 0 load pin(s).
Netlist sorting complete. Time (s): cpu = 00:00:00 ; elapsed = 00:00:00.001 . Memory (MB): peak = 1986.645 ; gain = 0.000
INFO: [Project 1-111] Unisim Transformation Summary:
No Unisim elements were transformed.

Synth Design complete | Checksum: 7f8d99d5
INFO: [Common 17-83] Releasing license: Synthesis
58 Infos, 0 Warnings, 0 Critical Warnings and 0 Errors encountered.
synth_design completed successfully
synth_design: Time (s): cpu = 00:01:40 ; elapsed = 00:01:45 . Memory (MB): peak = 1986.645 ; gain = 1456.465
Write ShapeDB Complete: Time (s): cpu = 00:00:00 ; elapsed = 00:00:00.004 . Memory (MB): peak = 1986.645 ; gain = 0.000
INFO: [Common 17-1381] The checkpoint 'C:/Users/jim32/OneDrive/Desktop/VHDL/ThursdayGroupG/Pong_Game/Pong_Game.runs/synth_1/pong_top.dcp' has been generated.
INFO: [Vivado 12-24828] Executing command : report_utilization -file pong_top_utilization_synth.rpt -pb pong_top_utilization_synth.pb
INFO: [Common 17-206] Exiting Vivado at Thu May  7 23:42:56 2026...
