Vivado Simulator v2025.2
Copyright 1986-2022 Xilinx, Inc. All Rights Reserved.
Copyright 2022-2025 Advanced Micro Devices, Inc. All Rights Reserved.
Running: C:/AMDDesignTools/2025.2/Vivado/bin/unwrapped/win64.o/xelab.exe --incr --debug typical --relax --mt 2 -L xil_defaultlib -L secureip --snapshot pong_top_tb_behav xil_defaultlib.pong_top_tb -log elaborate.log 
Using 2 slave threads.
Starting static elaboration
Completed static elaboration
Starting simulation data flow analysis
Completed simulation data flow analysis
Time Resolution for simulation is 1ps
Compiling package std.standard
Compiling package std.textio
Compiling package ieee.std_logic_1164
Compiling package ieee.numeric_std
Compiling package xil_defaultlib.game_module_pkg
Compiling package xil_defaultlib.common_pkg
Compiling architecture behavioral of entity xil_defaultlib.receive_uart [receive_uart_default]
Compiling architecture behavioral of entity xil_defaultlib.transmit_uart [transmit_uart_default]
Compiling architecture behavioral of entity xil_defaultlib.uart_module [uart_module_default]
Compiling architecture behavioral of entity xil_defaultlib.game_mechanics [game_mechanics_default]
Compiling architecture behavioral of entity xil_defaultlib.message_prep [message_prep_default]
Compiling architecture behavioral of entity xil_defaultlib.display_output [display_output_default]
Compiling architecture behavioral of entity xil_defaultlib.game_module [game_module_default]
Compiling architecture behavioral of entity xil_defaultlib.button_inputs [button_inputs_default]
Compiling architecture behavioral of entity xil_defaultlib.modification_module [modification_module_default]
Compiling architecture behavioral of entity xil_defaultlib.pong_top [pong_top_default]
Compiling architecture behavioral of entity xil_defaultlib.pong_top_tb
Built simulation snapshot pong_top_tb_behav
